../Core/Src/VL53L0X.c:39:10:millis	16	static
../Core/Src/VL53L0X.c:45:6:writeReg	32	static
../Core/Src/VL53L0X.c:55:6:writeReg16Bit	32	static
../Core/Src/VL53L0X.c:65:6:writeReg32Bit	32	static
../Core/Src/VL53L0X.c:77:9:readReg	32	static
../Core/Src/VL53L0X.c:90:10:readReg16Bit	32	static
../Core/Src/VL53L0X.c:108:10:readReg32Bit	40	static
../Core/Src/VL53L0X.c:127:6:writeMulti	24	static
../Core/Src/VL53L0X.c:142:6:readMulti	56	dynamic
../Core/Src/VL53L0X.c:156:6:setAddress	16	static
../Core/Src/VL53L0X.c:163:6:init	32	static
../Core/Src/VL53L0X.c:384:6:setSignalRateLimit	16	static
../Core/Src/VL53L0X.c:394:7:getSignalRateLimit	8	static
../Core/Src/VL53L0X.c:408:6:setMeasurementTimingBudget	80	static
../Core/Src/VL53L0X.c:497:10:getMeasurementTimingBudget	56	static
../Core/Src/VL53L0X.c:551:6:setVcselPulsePeriod	56	static
../Core/Src/VL53L0X.c:729:9:getVcselPulsePeriod	16	static
../Core/Src/VL53L0X.c:748:6:startContinuous	24	static
../Core/Src/VL53L0X.c:786:6:stopContinuous	8	static
../Core/Src/VL53L0X.c:800:10:readRangeContinuousMillimeters	16	static
../Core/Src/VL53L0X.c:824:10:readRangeSingleMillimeters	8	static
../Core/Src/VL53L0X.c:854:6:timeoutOccurred	16	static
../Core/Src/VL53L0X.c:866:6:getSpadInfo	24	static
../Core/Src/VL53L0X.c:908:6:getSequenceStepEnables	24	static
../Core/Src/VL53L0X.c:924:6:getSequenceStepTimeouts	16	static
../Core/Src/VL53L0X.c:958:10:decodeTimeout	16	static
../Core/Src/VL53L0X.c:969:10:encodeTimeout	24	static
../Core/Src/VL53L0X.c:994:10:timeoutMclksToMicroseconds	24	static
../Core/Src/VL53L0X.c:1003:10:timeoutMicrosecondsToMclks	24	static
../Core/Src/VL53L0X.c:1012:6:performSingleRefCalibration	16	static
